2026-08-05T18:14:18.145285Z  INFO herdr::logging: herdr starting event="app.startup" subsystem="client" outcome="started" pid=9090
2026-08-05T18:14:18.145317Z  INFO herdr::client: connecting to server path=/home/mateusdalligna/.config/herdr/herdr-client.sock
2026-08-05T18:14:18.156723Z  INFO herdr::client: handshake succeeded version=17 encoding=SemanticFrame
2026-08-05T18:37:10.741303Z  INFO herdr::logging: herdr starting event="app.startup" subsystem="client" outcome="started" pid=21116
2026-08-05T18:37:10.741320Z  INFO herdr::client: connecting to server path=/home/mateusdalligna/.config/herdr/herdr-client.sock
2026-08-05T18:37:10.985825Z  INFO herdr::client: handshake succeeded version=17 encoding=SemanticFrame
2026-08-05T21:37:20.069434Z  INFO herdr::logging: herdr starting event="app.startup" subsystem="client" outcome="started" pid=5544
2026-08-05T21:37:20.069714Z  INFO herdr::client: connecting to server path=/home/mateusdalligna/.config/herdr/herdr-client.sock
2026-08-05T21:37:20.078169Z  INFO herdr::client: handshake succeeded version=17 encoding=SemanticFrame
2026-08-05T23:08:03.679773Z  INFO herdr::logging: herdr starting event="app.startup" subsystem="client" outcome="started" pid=3056
2026-08-05T23:08:03.680041Z  INFO herdr::client: connecting to server path=/home/mateusdalligna/.config/herdr/herdr-client.sock
2026-08-05T23:08:03.688524Z  INFO herdr::client: handshake succeeded version=17 encoding=SemanticFrame
2026-08-05T23:55:46.456374Z  INFO herdr::logging: herdr starting event="app.startup" subsystem="client" outcome="started" pid=10905
2026-08-05T23:55:46.456712Z  INFO herdr::client: connecting to server path=/home/mateusdalligna/.config/herdr/herdr-client.sock
2026-08-05T23:55:46.485223Z  INFO herdr::client: handshake succeeded version=17 encoding=SemanticFrame
2026-08-10T22:02:17.224589Z  INFO herdr::logging: herdr starting event="app.startup" subsystem="client" outcome="started" pid=8331
2026-08-10T22:02:17.224917Z  INFO herdr::client: connecting to server path=/home/mateusdalligna/.config/herdr/herdr-client.sock
2026-08-10T22:02:17.241059Z  INFO herdr::client: handshake succeeded version=17 encoding=SemanticFrame
2026-08-10T22:19:08.860470Z  INFO herdr::logging: herdr starting event="app.startup" subsystem="client" outcome="started" pid=7125
2026-08-10T22:19:08.860751Z  INFO herdr::client: connecting to server path=/home/mateusdalligna/.config/herdr/herdr-client.sock
2026-08-10T22:19:08.862309Z  INFO herdr::client: handshake succeeded version=17 encoding=SemanticFrame
2026-08-17T22:51:52.811910Z  INFO herdr::logging: herdr starting event="app.startup" subsystem="client" outcome="started" pid=4434
2026-08-17T22:51:52.812221Z  INFO herdr::client: connecting to server path=/home/mateusdalligna/.config/herdr/herdr-client.sock
2026-08-17T22:51:52.830289Z  INFO herdr::client: handshake succeeded version=17 encoding=SemanticFrame
2026-08-20T21:41:02.108503Z  INFO herdr::logging: herdr starting event="app.startup" subsystem="client" outcome="started" pid=7174
2026-08-20T21:41:02.108804Z  INFO herdr::client: connecting to server path=/home/mateusdalligna/.config/herdr/herdr-client.sock
2026-08-20T21:41:02.112961Z  INFO herdr::client: handshake succeeded version=17 encoding=SemanticFrame
2026-08-20T21:55:22.954459Z  INFO herdr::logging: herdr starting event="app.startup" subsystem="client" outcome="started" pid=13207
2026-08-20T21:55:22.984509Z  INFO herdr::client: connecting to server path=/home/mateusdalligna/.config/herdr/herdr-client.sock
2026-08-20T21:55:23.152985Z  INFO herdr::client: handshake succeeded version=17 encoding=SemanticFrame
2026-08-20T22:27:50.219633Z  INFO herdr::logging: herdr starting event="app.startup" subsystem="client" outcome="started" pid=1788
2026-08-20T22:27:50.219903Z  INFO herdr::client: connecting to server path=/home/mateusdalligna/.config/herdr/herdr-client.sock
2026-08-20T22:27:50.220054Z  INFO herdr::client: handshake succeeded version=20 encoding=SemanticFrame
2026-08-20T22:37:32.992063Z  INFO herdr::logging: herdr starting event="app.startup" subsystem="client" outcome="started" pid=1811
2026-08-20T22:37:32.992350Z  INFO herdr::client: connecting to server path=/home/mateusdalligna/.config/herdr/herdr-client.sock
2026-08-20T22:37:32.993578Z  INFO herdr::client: handshake succeeded version=20 encoding=SemanticFrame
2026-08-20T23:15:05.745473Z  INFO herdr::logging: herdr exiting event="app.shutdown" subsystem="client" outcome="completed" pid=1811
2026-08-25T21:46:49.020389Z  INFO herdr::logging: herdr starting event="app.startup" subsystem="client" outcome="started" pid=4447
2026-08-25T21:46:49.020738Z  INFO herdr::client: connecting to server path=/home/mateusdalligna/.config/herdr/herdr-client.sock
2026-08-25T21:46:49.024104Z  INFO herdr::client: handshake succeeded version=20 encoding=SemanticFrame
2026-08-25T22:08:15.718838Z  INFO herdr::logging: herdr starting event="app.startup" subsystem="client" outcome="started" pid=2204
2026-08-25T22:08:15.719087Z  INFO herdr::client: connecting to server path=/home/mateusdalligna/.config/herdr/herdr-client.sock
2026-08-25T22:08:15.721499Z  INFO herdr::client: handshake succeeded version=20 encoding=SemanticFrame
2026-08-25T22:10:45.559347Z  INFO herdr::logging: herdr starting event="app.startup" subsystem="client" outcome="started" pid=2590
2026-08-25T22:10:45.559600Z  INFO herdr::client: connecting to server path=/home/mateusdalligna/.config/herdr/herdr-client.sock
2026-08-25T22:10:45.560659Z  INFO herdr::client: handshake succeeded version=20 encoding=SemanticFrame
2026-08-25T22:18:33.260012Z  INFO herdr::logging: herdr starting event="app.startup" subsystem="client" outcome="started" pid=3904
2026-08-25T22:18:33.260035Z  INFO herdr::client: connecting to server path=/home/mateusdalligna/.config/herdr/herdr-client.sock
2026-08-25T22:18:33.361900Z  INFO herdr::client: handshake succeeded version=20 encoding=SemanticFrame
2026-08-25T22:20:21.276312Z  INFO herdr::logging: herdr exiting event="app.shutdown" subsystem="client" outcome="completed" pid=2590
2026-08-25T23:37:05.036010Z  INFO herdr::logging: herdr exiting event="app.shutdown" subsystem="client" outcome="completed" pid=3904
2026-08-26T18:49:40.082588Z  INFO herdr::logging: herdr starting event="app.startup" subsystem="client" outcome="started" pid=90317
2026-08-26T18:49:40.082928Z  INFO herdr::client: connecting to server path=/home/mateusdalligna/.config/herdr/herdr-client.sock
2026-08-26T18:49:40.090293Z  INFO herdr::client: handshake succeeded version=20 encoding=SemanticFrame
2026-08-26T20:43:44.047593Z  INFO herdr::logging: herdr starting event="app.startup" subsystem="client" outcome="started" pid=110128
2026-08-26T20:43:44.047623Z  INFO herdr::client: connecting to server path=/home/mateusdalligna/.config/herdr/herdr-client.sock
2026-08-26T20:43:44.216211Z  INFO herdr::client: handshake succeeded version=20 encoding=SemanticFrame
2026-08-26T21:05:22.610595Z  INFO herdr::logging: herdr exiting event="app.shutdown" subsystem="client" outcome="completed" pid=110128
2026-08-26T21:05:26.008208Z  INFO herdr::logging: herdr exiting event="app.shutdown" subsystem="client" outcome="completed" pid=90317
2026-08-31T21:51:48.938998Z  INFO herdr::logging: herdr starting event="app.startup" subsystem="client" outcome="started" pid=6951
2026-08-31T21:51:48.941401Z  INFO herdr::client: connecting to server path=/home/mateusdalligna/.config/herdr/herdr-client.sock
2026-08-31T21:51:48.943824Z  INFO herdr::client: handshake succeeded version=20 encoding=SemanticFrame
2026-08-31T21:53:52.961629Z  INFO herdr::logging: herdr exiting event="app.shutdown" subsystem="client" outcome="completed" pid=6951
2026-08-31T21:55:10.519379Z  INFO herdr::logging: herdr starting event="app.startup" subsystem="client" outcome="started" pid=9918
2026-08-31T21:55:10.519429Z  INFO herdr::client: connecting to server path=/home/mateusdalligna/.config/herdr/herdr-client.sock
2026-08-31T21:55:10.703943Z  INFO herdr::client: handshake succeeded version=20 encoding=SemanticFrame
2026-08-31T22:26:25.225867Z  INFO herdr::logging: herdr exiting event="app.shutdown" subsystem="client" outcome="completed" pid=9918
2026-09-01T22:05:19.826985Z  INFO herdr::logging: herdr starting event="app.startup" subsystem="client" outcome="started" pid=4555
2026-09-01T22:05:19.827231Z  INFO herdr::client: connecting to server path=/home/mateusdalligna/.config/herdr/herdr-client.sock
2026-09-01T22:05:19.827574Z  INFO herdr::client: handshake succeeded version=20 encoding=SemanticFrame
2026-09-01T22:24:01.893633Z  INFO herdr::logging: herdr starting event="app.startup" subsystem="client" outcome="started" pid=2645
2026-09-01T22:24:01.893909Z  INFO herdr::client: connecting to server path=/home/mateusdalligna/.config/herdr/herdr-client.sock
2026-09-01T22:24:01.953137Z  INFO herdr::client: handshake succeeded version=20 encoding=SemanticFrame
2026-09-01T22:24:06.706918Z  INFO herdr::logging: herdr exiting event="app.shutdown" subsystem="client" outcome="completed" pid=2645
2026-09-01T22:24:30.199066Z  INFO herdr::logging: herdr starting event="app.startup" subsystem="client" outcome="started" pid=4160
2026-09-01T22:24:30.199085Z  INFO herdr::client: connecting to server path=/home/mateusdalligna/.config/herdr/herdr-client.sock
2026-09-01T22:24:30.338531Z  INFO herdr::client: handshake succeeded version=20 encoding=SemanticFrame
2026-09-01T23:04:41.928757Z  INFO herdr::logging: herdr exiting event="app.shutdown" subsystem="client" outcome="completed" pid=4160
2026-09-09T16:53:33.449071Z  INFO herdr::logging: herdr starting event="app.startup" subsystem="client" outcome="started" pid=5166
2026-09-09T16:53:33.449320Z  INFO herdr::client: connecting to server path=/home/mateusdalligna/.config/herdr/herdr-client.sock
2026-09-09T16:53:33.451904Z  INFO herdr::client: handshake succeeded version=20 encoding=SemanticFrame
2026-09-09T19:51:49.211122Z  INFO herdr::logging: herdr starting event="app.startup" subsystem="client" outcome="started" pid=1917
2026-09-09T19:51:49.211404Z  INFO herdr::client: connecting to server path=/home/mateusdalligna/.config/herdr/herdr-client.sock
2026-09-09T19:51:49.220054Z  INFO herdr::client: handshake succeeded version=20 encoding=SemanticFrame
2026-09-09T20:13:08.524913Z  INFO herdr::logging: herdr starting event="app.startup" subsystem="client" outcome="started" pid=45357
2026-09-09T20:13:08.525171Z  INFO herdr::client: connecting to server path=/home/mateusdalligna/.config/herdr/herdr-client.sock
2026-09-09T20:13:08.739908Z  INFO herdr::client::handshake: endpoint handshake succeeded generation=1 server_version=0.9.0
2026-09-09T20:59:59.625612Z  INFO herdr::client: client terminal unavailable; detaching err=I/O error (os error 5)
2026-09-09T20:59:59.626472Z  INFO herdr::logging: herdr exiting event="app.shutdown" subsystem="client" outcome="completed" pid=45357
2026-09-09T21:47:33.279655Z  INFO herdr::logging: herdr starting event="app.startup" subsystem="client" outcome="started" pid=2469
2026-09-09T21:47:33.279970Z  INFO herdr::client: connecting to server path=/home/mateusdalligna/.config/herdr/herdr-client.sock
2026-09-09T21:47:33.388559Z  INFO herdr::client::handshake: endpoint handshake succeeded generation=1 server_version=0.9.0
2026-09-10T22:31:20.810705Z  INFO herdr::logging: herdr starting event="app.startup" subsystem="client" outcome="started" pid=3204
2026-09-10T22:31:20.810978Z  INFO herdr::client: connecting to server path=/home/mateusdalligna/.config/herdr/herdr-client.sock
2026-09-10T22:31:20.864856Z  INFO herdr::client::handshake: endpoint handshake succeeded generation=1 server_version=0.9.0
2026-09-10T23:43:23.070208Z  INFO herdr::logging: herdr exiting event="app.shutdown" subsystem="client" outcome="completed" pid=3204
2026-09-14T21:51:01.794637Z  INFO herdr::logging: herdr starting event="app.startup" subsystem="client" outcome="started" pid=2444
2026-09-14T21:51:01.794920Z  INFO herdr::client: connecting to server path=/home/mateusdalligna/.config/herdr/herdr-client.sock
2026-09-14T21:51:01.798581Z  INFO herdr::client::handshake: endpoint handshake succeeded generation=1 server_version=0.9.0
2026-09-23T17:41:01.671441Z  INFO herdr::logging: herdr starting event="app.startup" subsystem="client" outcome="started" pid=5563
2026-09-23T17:41:01.671701Z  INFO herdr::client: connecting to server path=/home/mateusdalligna/.config/herdr/herdr-client.sock
2026-09-23T17:41:01.731683Z  INFO herdr::client::handshake: endpoint handshake succeeded generation=1 server_version=0.9.0
2026-09-23T18:25:35.187468Z  INFO herdr::logging: herdr exiting event="app.shutdown" subsystem="client" outcome="completed" pid=5563
2026-09-25T21:31:14.162029Z  INFO herdr::logging: herdr starting event="app.startup" subsystem="client" outcome="started" pid=3290
2026-09-25T21:31:14.162461Z  INFO herdr::client: connecting to server path=/home/mateusdalligna/.config/herdr/herdr-client.sock
2026-09-25T21:31:14.177522Z  INFO herdr::client::handshake: endpoint handshake succeeded generation=1 server_version=0.9.0
2026-09-25T22:04:12.816926Z  INFO herdr::client: client terminal unavailable; detaching err=I/O error (os error 5)
2026-09-25T22:04:12.830531Z  INFO herdr::logging: herdr exiting event="app.shutdown" subsystem="client" outcome="completed" pid=3290
